// Jest Snapshot v1, https://goo.gl/fbAQLP

exports[`Test in <MovieCard /> should show correctly component 1`] = `
<div
  className="sc-AxjAm kuIkN animate__animated animate__fadeIn"
>
  <div>
    <a
      href="/search/123"
      onClick={[Function]}
    >
      <img
        alt="No hay Imagen Disponible"
        src="https://image.tmdb.org/t/p/w342/imagen"
      />
    </a>
  </div>
  <div>
    <div
      className="sc-AxhCb buhHwi"
    >
      <h4>
        Spiderman
      </h4>
      <div
        className="sc-AxirZ dZnDSZ"
      >
        <div>
          <p>
            Calificacion:
          </p>
          <p>
            <b>
              7.5
            </b>
             
          </p>
        </div>
      </div>
      <div
        className="sc-AxirZ dZnDSZ"
      >
        <div>
          <p>
             Likes: 
          </p>
          <p>
            <b>
              2010
            </b>
             
          </p>
        </div>
      </div>
      <div
        className="sc-AxirZ dZnDSZ"
      >
        <div
          style={
            Object {
              "paddingBottom": "10px",
            }
          }
        >
          <p>
            Estreno: 
          </p>
          <p>
            <b>
              20 enero 2020
            </b>
             
          </p>
        </div>
      </div>
      <p
        className="sc-AxhUy KsMZo"
        onClick={[Function]}
      >
        Eliminar pelicula
      </p>
    </div>
  </div>
</div>
`;
